// Jest Snapshot v1, https://goo.gl/fbAQLP

exports[`Active Page shallow renders with empty data 1`] = `
<div
  className="sc-fnVZcZ FgJVV"
>
  <div
    className="sc-fFSPTT fpkmzH container"
  >
    <img
      alt="404"
      className="sc-bkbkJK cqgQDj"
      src="pc_404.png"
    />
  </div>
</div>
`;
