// Jest Snapshot v1, https://goo.gl/fbAQLP

exports[`Active Page shallow renders with empty data 1`] = `
<div
  className="sc-fznJRM LSUZK"
>
  <div
    className="sc-AxjAm bAbQHZ container"
  >
    <div
      className="block__green__background"
    />
    <div
      className="sc-AxiKw esumCH"
    >
      <div
        className="sc-fznWqX hHLogm"
      >
        <div
          className="sc-fzoiQi fTOqfe"
          width="14%"
        >
          <div>
            Height
          </div>
        </div>
        <div
          className="sc-fzoiQi bfJcav"
          width="8%"
        >
          <div>
            Transactions
          </div>
        </div>
        <div
          className="sc-fzoiQi cEyfUN"
          width="20%"
        >
          <div>
            Reward (CKB)
          </div>
        </div>
        <div
          className="sc-fzoiQi igbORU"
          width="43%"
        >
          <div>
            Miner
          </div>
        </div>
        <div
          className="sc-fzoiQi fdZMGj"
          width="15%"
        >
          <div>
            Time
          </div>
        </div>
      </div>
    </div>
    <div
      className="block_list__pagination"
    >
      <div
        className="sc-fzoXWK ktWbCE"
      >
        <div
          className="sc-fzpmMD OKRCg"
        >
          <button
            onClick={[Function]}
          >
            First
          </button>
          <button
            className="pagination__left__button"
            onClick={[Function]}
            type="button"
          />
          <div
            className="pagination__middle__label"
          >
            Page 0 of 1 
          </div>
          <button
            className="pagination__right__button"
            onClick={[Function]}
            type="button"
          />
          <button
            className="pagination__last"
            onClick={[Function]}
            type="button"
          >
            Last
          </button>
        </div>
        <div
          className="sc-fznxKY kvnvQt"
        >
          <div
            className="pagination__page"
          >
            Page
          </div>
          <input
            className="pagination__input__page"
            onChange={[Function]}
            onKeyUp={[Function]}
            pattern="[0-9]*"
            type="text"
            value={2}
          />
          <button
            className="pagination__goto__page"
            onClick={[Function]}
            type="button"
          >
            Goto
          </button>
        </div>
      </div>
    </div>
  </div>
</div>
`;
