// Jest Snapshot v1, https://goo.gl/fbAQLP

exports[`Active Page shallow renders 1`] = `
<_default>
  <styled.div
    className="container"
  >
    <_default
      hash="0xd48737284040b2c6d221a16ba65b1497593ffb7b9cd250a1d0f40aecc5c8d4c0"
      title="Block"
    >
      <BlockOverview />
    </_default>
    <BlockStateComp
      currentPage={1}
      pageSize={10}
    />
  </styled.div>
</_default>
`;
