// Jest Snapshot v1, https://goo.gl/fbAQLP

exports[`Active Page shallow renders with empty data 1`] = `
<div
  className="sc-dlMDgC eqiOCJ"
>
  <div
    className="sc-bdnxRM fvTKHn container"
  >
    <div
      className="block__green__background"
    />
    <div
      className="sc-dlnjwi kAPVVD"
    >
      <div
        className="sc-kfYoZR cBpCin"
      >
        <div
          className="sc-fKgJPI eKjlJz"
          width="14%"
        >
          <div>
            Height
          </div>
        </div>
        <div
          className="sc-fKgJPI bwakIW"
          width="8%"
        >
          <div>
            Transactions
          </div>
        </div>
        <div
          className="sc-fKgJPI hINHmI"
          width="20%"
        >
          <div>
            Reward (CKB)
          </div>
        </div>
        <div
          className="sc-fKgJPI DRUUp"
          width="43%"
        >
          <div>
            Miner
          </div>
        </div>
        <div
          className="sc-fKgJPI fzXPiu"
          width="15%"
        >
          <div>
            Time
          </div>
        </div>
      </div>
    </div>
    <div
      className="block_list__pagination"
    >
      <div
        className="sc-iJCRrE fjrOUq"
      >
        <div
          className="sc-giAqHp RQCMl"
        >
          <div
            className="sc-jrsJWt eRbRmm pagination__first__button"
            onClick={[Function]}
            onKeyDown={[Function]}
            onMouseOver={[Function]}
            role="button"
            tabIndex={-1}
          >
            First
          </div>
          <div
            className="sc-jrsJWt eRbRmm pagination__left__button"
            onClick={[Function]}
            onKeyDown={[Function]}
            onMouseOver={[Function]}
            role="button"
            tabIndex={-1}
          >
            <img
              alt="left button"
              src="pagination_black_left.png"
            />
          </div>
          <span
            className="pagination__middle__label"
          >
            Page 0 of 1 
          </span>
          <div
            className="sc-jrsJWt eRbRmm pagination__right__button"
            onClick={[Function]}
            onKeyDown={[Function]}
            onMouseOver={[Function]}
            role="button"
            tabIndex={-1}
          >
            <img
              alt="right button"
              src="pagination_black_right.png"
            />
          </div>
          <div
            className="sc-jrsJWt eRbRmm pagination__last__button"
            onClick={[Function]}
            onKeyDown={[Function]}
            onMouseOver={[Function]}
            role="button"
            tabIndex={-1}
          >
            Last
          </div>
        </div>
        <div
          className="sc-ezzafa ctscoG"
        >
          <span
            className="pagination__page__label"
          >
            Page
          </span>
          <input
            className="pagination__input__page"
            onChange={[Function]}
            onKeyUp={[Function]}
            pattern="[0-9]*"
            type="text"
            value={2}
          />
          <div
            className="sc-jrsJWt eRbRmm pagination__goto__page"
            onClick={[Function]}
            onKeyDown={[Function]}
            onMouseOver={[Function]}
            role="button"
            tabIndex={-1}
          >
            Goto
          </div>
        </div>
      </div>
    </div>
  </div>
</div>
`;
