// Jest Snapshot v1, https://goo.gl/fbAQLP

exports[`Page Component shallow renders 1`] = `
.c0 {
  width: 100%;
  min-height: 100%;
  background-color: #f9f9f9;
  box-sizing: border-box;
  position: relative;
  display: -webkit-box;
  display: -webkit-flex;
  display: -ms-flexbox;
  display: flex;
  -webkit-flex-direction: column;
  -ms-flex-direction: column;
  flex-direction: column;
}

<div
  className="c0"
  style={
    Object {
      "color": "#ffffff",
    }
  }
>
  <div>
    children
  </div>
</div>
`;
